Microsoft Windows [Version 10.0.22631.4169]
(c) Microsoft Corporation. All rights reserved.

C:\Program Files\Docker>docker pull python
Using default tag: latest
latest: Pulling from library/python
9d7cafee8af7: Download complete
1c8ff076d818: Download complete
2e6afa3f266c: Download complete
b61bc9b0e1d8: Download complete
2e66a70da0be: Download complete
8cd46d290033: Download complete
76b2d602845c: Download complete
Digest: sha256:7859853e7607927aa1d1b1a5a2f9e580ac90c2b66feeb1b77da97fed03b1ccbe
Status: Downloaded newer image for python:latest
docker.io/library/python:latest

What's next:
    View a summary of image vulnerabilities and recommendations → docker scout quickview python






C:\Program Files\Docker>docker images
REPOSITORY   TAG       IMAGE ID       CREATED      SIZE
python       latest    7859853e7607   7 days ago   1.47GB

C:\Program Files\Docker>docker pull mysql
Using default tag: latest
latest: Pulling from library/mysql
e93edcbaa54f: Download complete
20ab03fc7bed: Download complete
f8d6a5d16572: Download complete
90c257e20398: Download complete
75f2fdac1421: Download complete
5f79c432ce4c: Download complete
b8dff4a91460: Download complete
5e407bf3af90: Download complete
a0535a79ba39: Download complete
17219240cf71: Download complete
Digest: sha256:c69299937e5e2fc9a2cb26f5cd7a7151e48d9d5a3b3679f62bfd1275de698c0c
Status: Downloaded newer image for mysql:latest
docker.io/library/mysql:latest

What's next:
    View a summary of image vulnerabilities and recommendations → docker scout quickview mysql

C:\Program Files\Docker>docker images
REPOSITORY   TAG       IMAGE ID       CREATED       SIZE
python       latest    7859853e7607   7 days ago    1.47GB
mysql        latest    c69299937e5e   8 weeks ago   804MB



C:\Program Files\Docker>docker run --help

Usage:  docker run [OPTIONS] IMAGE [COMMAND] [ARG...]

Create and run a new container from an image

Aliases:
  docker container run, docker run

Options:
      --add-host list                    Add a custom host-to-IP mapping
                                         (host:ip)
      --annotation map                   Add an annotation to the
                                         container (passed through to the
                                         OCI runtime) (default map[])
  -a, --attach list                      Attach to STDIN, STDOUT or STDERR
      --blkio-weight uint16              Block IO (relative weight),
                                         between 10 and 1000, or 0 to
                                         disable (default 0)
      --blkio-weight-device list         Block IO weight (relative device
                                         weight) (default [])
      --cap-add list                     Add Linux capabilities
      --cap-drop list                    Drop Linux capabilities
      --cgroup-parent string             Optional parent cgroup for the
                                         container
      --cgroupns string                  Cgroup namespace to use
                                         (host|private)
                                         'host':    Run the container in
                                         the Docker host's cgroup
                                         namespace
                                         'private': Run the container in
                                         its own private cgroup namespace
                                         '':        Use the cgroup
                                         namespace as configured by the
                                                    default-cgroupns-mode
                                         option on the daemon (default)
      --cidfile string                   Write the container ID to the file
      --cpu-period int                   Limit CPU CFS (Completely Fair
                                         Scheduler) period
      --cpu-quota int                    Limit CPU CFS (Completely Fair
                                         Scheduler) quota
      --cpu-rt-period int                Limit CPU real-time period in
                                         microseconds
      --cpu-rt-runtime int               Limit CPU real-time runtime in
                                         microseconds
  -c, --cpu-shares int                   CPU shares (relative weight)
      --cpus decimal                     Number of CPUs
      --cpuset-cpus string               CPUs in which to allow execution
                                         (0-3, 0,1)
      --cpuset-mems string               MEMs in which to allow execution
                                         (0-3, 0,1)
  -d, --detach                           Run container in background and
                                         print container ID
      --detach-keys string               Override the key sequence for
                                         detaching a container
      --device list                      Add a host device to the container
      --device-cgroup-rule list          Add a rule to the cgroup allowed
                                         devices list
      --device-read-bps list             Limit read rate (bytes per
                                         second) from a device (default [])
      --device-read-iops list            Limit read rate (IO per second)
                                         from a device (default [])
      --device-write-bps list            Limit write rate (bytes per
                                         second) to a device (default [])
      --device-write-iops list           Limit write rate (IO per second)
                                         to a device (default [])
      --disable-content-trust            Skip image verification (default
                                         true)
      --dns list                         Set custom DNS servers
      --dns-option list                  Set DNS options
      --dns-search list                  Set custom DNS search domains
      --domainname string                Container NIS domain name
      --entrypoint string                Overwrite the default ENTRYPOINT
                                         of the image
  -e, --env list                         Set environment variables
      --env-file list                    Read in a file of environment
                                         variables
      --expose list                      Expose a port or a range of ports
      --gpus gpu-request                 GPU devices to add to the
                                         container ('all' to pass all GPUs)
      --group-add list                   Add additional groups to join
      --health-cmd string                Command to run to check health
      --health-interval duration         Time between running the check
                                         (ms|s|m|h) (default 0s)
      --health-retries int               Consecutive failures needed to
                                         report unhealthy
      --health-start-interval duration   Time between running the check
                                         during the start period
                                         (ms|s|m|h) (default 0s)
      --health-start-period duration     Start period for the container
                                         to initialize before starting
                                         health-retries countdown
                                         (ms|s|m|h) (default 0s)
      --health-timeout duration          Maximum time to allow one check
                                         to run (ms|s|m|h) (default 0s)
      --help                             Print usage
  -h, --hostname string                  Container host name
      --init                             Run an init inside the container
                                         that forwards signals and reaps
                                         processes
  -i, --interactive                      Keep STDIN open even if not attached
      --ip string                        IPv4 address (e.g., 172.30.100.104)
      --ip6 string                       IPv6 address (e.g., 2001:db8::33)
      --ipc string                       IPC mode to use
      --isolation string                 Container isolation technology
      --kernel-memory bytes              Kernel memory limit
  -l, --label list                       Set meta data on a container
      --label-file list                  Read in a line delimited file of
                                         labels
      --link list                        Add link to another container
      --link-local-ip list               Container IPv4/IPv6 link-local
                                         addresses
      --log-driver string                Logging driver for the container
      --log-opt list                     Log driver options
      --mac-address string               Container MAC address (e.g.,
                                         92:d0:c6:0a:29:33)
  -m, --memory bytes                     Memory limit
      --memory-reservation bytes         Memory soft limit
      --memory-swap bytes                Swap limit equal to memory plus
                                         swap: '-1' to enable unlimited swap
      --memory-swappiness int            Tune container memory swappiness
                                         (0 to 100) (default -1)
      --mount mount                      Attach a filesystem mount to the
                                         container
      --name string                      Assign a name to the container
      --network network                  Connect a container to a network
      --network-alias list               Add network-scoped alias for the
                                         container
      --no-healthcheck                   Disable any container-specified
                                         HEALTHCHECK
      --oom-kill-disable                 Disable OOM Killer
      --oom-score-adj int                Tune host's OOM preferences
                                         (-1000 to 1000)
      --pid string                       PID namespace to use
      --pids-limit int                   Tune container pids limit (set
                                         -1 for unlimited)
      --platform string                  Set platform if server is
                                         multi-platform capable
      --privileged                       Give extended privileges to this
                                         container
  -p, --publish list                     Publish a container's port(s) to
                                         the host
  -P, --publish-all                      Publish all exposed ports to
                                         random ports
      --pull string                      Pull image before running
                                         ("always", "missing", "never")
                                         (default "missing")
  -q, --quiet                            Suppress the pull output
      --read-only                        Mount the container's root
                                         filesystem as read only
      --restart string                   Restart policy to apply when a
                                         container exits (default "no")
      --rm                               Automatically remove the
                                         container and its associated
                                         anonymous volumes when it exits
      --runtime string                   Runtime to use for this container
      --security-opt list                Security Options
      --shm-size bytes                   Size of /dev/shm
      --sig-proxy                        Proxy received signals to the
                                         process (default true)
      --stop-signal string               Signal to stop the container
      --stop-timeout int                 Timeout (in seconds) to stop a
                                         container
      --storage-opt list                 Storage driver options for the
                                         container
      --sysctl map                       Sysctl options (default map[])
      --tmpfs list                       Mount a tmpfs directory
  -t, --tty                              Allocate a pseudo-TTY
      --ulimit ulimit                    Ulimit options (default [])
  -u, --user string                      Username or UID (format:
                                         <name|uid>[:<group|gid>])
      --userns string                    User namespace to use
      --uts string                       UTS namespace to use
  -v, --volume list                      Bind mount a volume
      --volume-driver string             Optional volume driver for the
                                         container
      --volumes-from list                Mount volumes from the specified
                                         container(s)
  -w, --workdir string                   Working directory inside the
                                         container

C:\Program Files\Docker>docker run mysql
2024-09-17 09:00:29+00:00 [Note] [Entrypoint]: Entrypoint script for MySQL Server 9.0.1-1.el9 started.
2024-09-17 09:00:29+00:00 [Note] [Entrypoint]: Switching to dedicated user 'mysql'
2024-09-17 09:00:29+00:00 [Note] [Entrypoint]: Entrypoint script for MySQL Server 9.0.1-1.el9 started.
2024-09-17 09:00:29+00:00 [ERROR] [Entrypoint]: Database is uninitialized and password option is not specified
    You need to specify one of the following as an environment variable:
    - MYSQL_ROOT_PASSWORD
    - MYSQL_ALLOW_EMPTY_PASSWORD
    - MYSQL_RANDOM_ROOT_PASSWORD

C:\Program Files\Docker>docker run -it python
Python 3.12.6 (main, Sep 12 2024, 21:12:04) [GCC 12.2.0] on linux
Type "help", "copyright", "credits" or "license" for more information.
>>> print("Hello")
Hello
>>> # This program adds two numbers
>>>
>>> num1 = 1.5
>>> num2 = 6.3
>>>
>>> # Add two numbers
>>> sum = num1 + num2
>>>
>>> # Display the sum
>>> print('The sum of {0} and {1} is {2}'.format(num1, num2, sum))
The sum of 1.5 and 6.3 is 7.8
>>> num1 = 5
>>> num1 = 5
>>> sum = num1 + num2
>>> print('The sum of {0} and {1} is {2}'.format(num1, num2, sum))
The sum of 5 and 6.3 is 11.3
>>> num1 = 5
>>> num2 = 5
>>> sum = num1 + num2
>>> print('The sum of {0} and {1} is {2}'.format(num1, num2, sum))
The sum of 5 and 5 is 10
>>>
KeyboardInterrupt
>>>
C:\Program Files\Docker>docker pull mysql
Using default tag: latest
latest: Pulling from library/mysql
Digest: sha256:c69299937e5e2fc9a2cb26f5cd7a7151e48d9d5a3b3679f62bfd1275de698c0c
Status: Image is up to date for mysql:latest
docker.io/library/mysql:latest

What's next:
    View a summary of image vulnerabilities and recommendations → docker scout quickview mysql


C:\Program Files\Docker>docker run --name mysql-container -e MYSQL_ALLOW_EMPTY_PASSWORD=yes -d mysql:latest
79f82e4edf56e39716cf08a535e107cb8b615c7b31b86a57ea8ae27abba27527

C:\Program Files\Docker>docker run mysql
2024-09-17 09:49:21+00:00 [Note] [Entrypoint]: Entrypoint script for MySQL Server 9.0.1-1.el9 started.
2024-09-17 09:49:21+00:00 [Note] [Entrypoint]: Switching to dedicated user 'mysql'
2024-09-17 09:49:21+00:00 [Note] [Entrypoint]: Entrypoint script for MySQL Server 9.0.1-1.el9 started.
2024-09-17 09:49:21+00:00 [ERROR] [Entrypoint]: Database is uninitialized and password option is not specified
    You need to specify one of the following as an environment variable:
    - MYSQL_ROOT_PASSWORD
    - MYSQL_ALLOW_EMPTY_PASSWORD
    - MYSQL_RANDOM_ROOT_PASSWORD



C:\Program Files\Docker>docker run --name mysql-container -e MYSQL_ROOT_PASSWORD=123456 -d mysql:latest
docker: Error response from daemon: Conflict. The container name "/mysql-container" is already in use by container "79f82e4edf56e39716cf08a535e107cb8b615c7b31b86a57ea8ae27abba27527". You have to remove (or rename) that container to be able to reuse that name.
See 'docker run --help'.

C:\Program Files\Docker>docker rm mysql-container
Error response from daemon: cannot remove container "/mysql-container": container is running: stop the container before removing or force remove

C:\Program Files\Docker>docker stop mysql-container
mysql-container

C:\Program Files\Docker>docker rm mysql-container
mysql-container

C:\Program Files\Docker>docker run --name mysql-container -e MYSQL_ROOT_PASSWORD=123456 -d mysql:latest
1947c0d799ea6eccc31b0db96c2a4c5e5852c2d32c927465c140e408078f9de3

C:\Program Files\Docker>docker ps
CONTAINER ID   IMAGE          COMMAND                  CREATED          STATUS          PORTS                 NAMES
1947c0d799ea   mysql:latest   "docker-entrypoint.s…"   32 seconds ago   Up 31 seconds   3306/tcp, 33060/tcp   mysql-container
3ec2e9fec092   python         "python3"                53 minutes ago   Up 53 minutes                         hungry_swanson

C:\Program Files\Docker>docker start mysql-container
mysql-container

C:\Program Files\Docker>docker run -it --rm --link mysql-container:mysql mysql:latest mysql -h mysql -uroot -p
Enter password:
Welcome to the MySQL monitor.  Commands end with ; or \g.
Your MySQL connection id is 8
Server version: 9.0.1 MySQL Community Server - GPL

Copyright (c) 2000, 2024, Oracle and/or its affiliates.

Oracle is a registered trademark of Oracle Corporation and/or its
affiliates. Other names may be trademarks of their respective
owners.

Type 'help;' or '\h' for help. Type '\c' to clear the current input statement.

mysql>show databases
    -> ;
+--------------------+
| Database           |
+--------------------+
| information_schema |
| mysql              |
| performance_schema |
| sys                |
+--------------------+
4 rows in set (0.00 sec)

mysql> create database vinay;
Query OK, 1 row affected (0.01 sec)

mysql> show databases;
+--------------------+
| Database           |
+--------------------+
| information_schema |
| mysql              |
| performance_schema |
| sys                |
| vinay              |
+--------------------+
5 rows in set (0.00 sec)

mysql> use vinay;
Database changed
mysql> CREATE TABLE Marks(ID integer, Name varchar (100), Marks integer);
Query OK, 0 rows affected (0.03 sec)

mysql> INSERT INTO Marks
    -> VALUES (001, Ashish,94);
ERROR 1054 (42S22): Unknown column 'Ashish' in 'field list'
mysql> INSERT INTO Marks VALUES (001, 'Ashish',94);
Query OK, 1 row affected (0.00 sec)

mysql> show tables;
+-----------------+
| Tables_in_vinay |
+-----------------+
| Marks           |
+-----------------+
1 row in set (0.00 sec)

mysql> describe marks;
ERROR 1146 (42S02): Table 'vinay.marks' doesn't exist
mysql> describe Marks;
+-------+--------------+------+-----+---------+-------+
| Field | Type         | Null | Key | Default | Extra |
+-------+--------------+------+-----+---------+-------+
| ID    | int          | YES  |     | NULL    |       |
| Name  | varchar(100) | YES  |     | NULL    |       |
| Marks | int          | YES  |     | NULL    |       |
+-------+--------------+------+-----+---------+-------+
3 rows in set (0.00 sec)

mysql> INSERT INTO Marks VALUES (001, 'Ashish',94);
Query OK, 1 row affected (0.02 sec)

mysql> describe Marks;
+-------+--------------+------+-----+---------+-------+
| Field | Type         | Null | Key | Default | Extra |
+-------+--------------+------+-----+---------+-------+
| ID    | int          | YES  |     | NULL    |       |
| Name  | varchar(100) | YES  |     | NULL    |       |
| Marks | int          | YES  |     | NULL    |       |
+-------+--------------+------+-----+---------+-------+
3 rows in set (0.00 sec)


















C:\Users\VAAGDEVI\Downloads\getting-started-app-main>dir
 Volume in drive C has no label.
 Volume Serial Number is 80C1-FAB4

 Directory of C:\Users\VAAGDEVI\Downloads\getting-started-app-main

21-09-2024  01.01 PM    <DIR>          .
21-09-2024  01.01 PM    <DIR>          ..
21-09-2024  12.52 PM                24 .dockerignore
21-09-2024  01.03 PM               117 Dockerfile.txt
21-09-2024  12.52 PM               648 package.json
21-09-2024  12.52 PM               269 README.md
21-09-2024  12.52 PM    <DIR>          spec
21-09-2024  12.52 PM    <DIR>          src
21-09-2024  12.52 PM           147,266 yarn.lock
               5 File(s)        148,324 bytes
               4 Dir(s)  44,982,710,272 bytes free

*******Dockerfile*******

FROM node:18-alpine
WORKDIR /app
COPY . .
RUN yarn install --production
CMD ["node", "src/index.js"]
EXPOSE 3000





C:\Users\VAAGDEVI\Downloads\getting-started-app-main>docker build -t getting-started .
[+] Building 20.1s (9/9) FINISHED                                                                  docker:desktop-linux
 => [internal] load build definition from Dockerfile                                                               0.0s
 => => transferring dockerfile: 154B                                                                               0.0s
 => [internal] load metadata for docker.io/library/node:18-alpine                                                  2.7s
 => [internal] load .dockerignore                                                                                  0.0s
 => => transferring context: 64B                                                                                   0.0s
 => [1/4] FROM docker.io/library/node:18-alpine@sha256:02376a266c84acbf45bd19440e08e48b1c8b98037417334046029ab585  2.4s
 => => resolve docker.io/library/node:18-alpine@sha256:02376a266c84acbf45bd19440e08e48b1c8b98037417334046029ab585  0.0s
 => => sha256:3696426c5aa28a9e9d46b6194f46c030c7dce77770db1f30e95e2317a1f97c0a 39.84MB / 39.84MB                   1.5s
 => => sha256:cdccf44a82db2a9559b2c200f8cdbdb0df43925679f8ddc7c7e925d469b56d1d 1.38MB / 1.38MB                     0.7s
 => => sha256:21f39b9ddd19acb73b7cbee0e5755029042719f744f2ce91a26f7e9425a79d6c 447B / 447B                         0.7s
 => => sha256:43c4264eed91be63b206e17d93e75256a6097070ce643c5e8f0379998b44f170 3.62MB / 3.62MB                     1.0s
 => => extracting sha256:43c4264eed91be63b206e17d93e75256a6097070ce643c5e8f0379998b44f170                          0.1s
 => => extracting sha256:3696426c5aa28a9e9d46b6194f46c030c7dce77770db1f30e95e2317a1f97c0a                          0.7s
 => => extracting sha256:cdccf44a82db2a9559b2c200f8cdbdb0df43925679f8ddc7c7e925d469b56d1d                          0.0s
 => => extracting sha256:21f39b9ddd19acb73b7cbee0e5755029042719f744f2ce91a26f7e9425a79d6c                          0.0s
 => [internal] load build context                                                                                  0.2s
 => => transferring context: 4.59MB                                                                                0.1s
 => [2/4] WORKDIR /app                                                                                             0.2s
 => [3/4] COPY . .                                                                                                 0.0s
 => [4/4] RUN yarn install --production                                                                           10.2s
 => exporting to image                                                                                             4.4s
 => => exporting layers                                                                                            3.0s
 => => exporting manifest sha256:97572fe8f32d2f7a6a0ae433003e86da61b7862d88e198d7a69205fdc0dad4c9                  0.0s
 => => exporting config sha256:e757015e646d9027c65fc5c92a7da7cfed19b88305cc39ae1280702546926fc1                    0.0s
 => => exporting attestation manifest sha256:09326233709e5cfe1d146d68d277a8d2ded36e1cd4d60baa23e09bd3f5f41dc6      0.0s
 => => exporting manifest list sha256:acd6a8873ea645d6a960ba5ed98dc70f7a1786301179dc9e2d68c1450286905d             0.0s
 => => naming to docker.io/library/getting-started:latest                                                          0.0s
 => => unpacking to docker.io/library/getting-started:latest                                                       1.4s

View build details: docker-desktop://dashboard/build/desktop-linux/desktop-linux/puicbzz479z57i1zdcsovt6p1

What's next:
    View a summary of image vulnerabilities and recommendations → docker scout quickview

C:\Users\VAAGDEVI\Downloads\getting-started-app-main>docker run -dp 127.0.0.1:3000:3000 getting-started
3014088d29e54dcfaa6aeb3acc289ff3c9b306e8e7910de064a5b3afabda3fa0

C:\Users\VAAGDEVI\Downloads\getting-started-app-main>docker ps
CONTAINER ID   IMAGE             COMMAND                  CREATED              STATUS              PORTS
      NAMES
3014088d29e5   getting-started   "docker-entrypoint.s…"   About a minute ago   Up About a minute   127.0.0.1:3000->3000/tcp   vigilant_satoshi

C:\Users\VAAGDEVI\Downloads\getting-started-app-main>